{
  "parent": "minecraft:item/generated",
  "textures": {
    "layer0": "minecraft:item/golden_helmet",
    "layer1": "armortrimitemfix:trims/items/helmet/helmet_wayfinder_trim_quartz"
  }
}