{
  "parent": "minecraft:item/generated",
  "textures": {
    "layer0": "minecraft:item/golden_leggings",
    "layer1": "armortrimitemfix:trims/items/leggings/leggings_wayfinder_trim_quartz"
  }
}