{
  "parent": "minecraft:item/generated",
  "textures": {
    "layer0": "minecraft:item/golden_chestplate",
    "layer1": "armortrimitemfix:trims/items/chestplate/chestplate_greed_trim_lapis"
  }
}