{
  "parent": "minecraft:item/generated",
  "textures": {
    "layer0": "minecraft:item/golden_boots",
    "layer1": "armortrimitemfix:trims/items/boots/boots_shaper_trim_copper"
  }
}